<?xml version="1.0" encoding="UTF-8"?>
<testsuites name="jest tests" tests="9" failures="0" errors="0" time="1.23">
  <testsuite name="NotificationService" errors="0" failures="0" skipped="0" timestamp="2024-05-22T09:28:52" time="1.2" tests="9">
    <testcase classname="NotificationService should be defined" name="NotificationService should be defined" time="0.006">
    </testcase>
    <testcase classname="NotificationService createNotification should create a notification and add recipients" name="NotificationService createNotification should create a notification and add recipients" time="0.002">
    </testcase>
    <testcase classname="NotificationService updateNotification should update a notification" name="NotificationService updateNotification should update a notification" time="0.001">
    </testcase>
    <testcase classname="NotificationService deleteNotification should delete a notification" name="NotificationService deleteNotification should delete a notification" time="0.001">
    </testcase>
    <testcase classname="NotificationService getNotification should return a notification by id" name="NotificationService getNotification should return a notification by id" time="0.004">
    </testcase>
    <testcase classname="NotificationService getNotifications should return a list of notifications" name="NotificationService getNotifications should return a list of notifications" time="0.001">
    </testcase>
    <testcase classname="NotificationService sendEmail should send an email notification" name="NotificationService sendEmail should send an email notification" time="0.001">
    </testcase>
    <testcase classname="NotificationService sendText should send a text notification" name="NotificationService sendText should send a text notification" time="0">
    </testcase>
    <testcase classname="NotificationService sendInApp should send an in-app notification" name="NotificationService sendInApp should send an in-app notification" time="0.001">
    </testcase>
  </testsuite>
</testsuites>